
> xelops-ai-migrator@0.1.0 test
> vitest run


 RUN  v5.0.1 C:/Users/EL MAGICO/Desktop/Xelops AI Migrator

 ❯ tests/generated-project/validation.test.ts (21 tests | 8 failed | 8 skipped) 59ms
   ❯ T042: Real profile validation and acceptance (21)
     ❯ Profile admission (T039) (3)
       × should admit a valid profile 25ms
       ✓ should reject an expired profile 1ms
       ✓ should reject an incompatible profile 1ms
     ✓ Compliance audit (T040) (3)
       ✓ should pass compliance for valid generated project 4ms
       ✓ should fail on explicit any types 1ms
       ✓ should fail on unapproved imports 1ms
     ❯ Validator gates (T041) (5)
       × should run all six gates 2ms
       × should pass all gates for valid project 2ms
       × should fail on npm installation error 2ms
       × should fail on TypeScript errors 1ms
       × should report test results correctly 4ms
     ❯ Full integration flow (2)
       × should only activate profile after all gates pass 1ms
       × should prevent activation if any gate fails 1ms
     ↓ React fixture validation (1)
       ↓ should validate generated React fixture migration
     ↓ Angular fixture validation (1)
       ↓ should validate generated Angular fixture migration
     ↓ Failure fixtures (6)
       ↓ should fail on missing dependencies
       ↓ should fail on TypeScript errors
       ↓ should fail on build errors
       ↓ should fail on lint errors
       ↓ should fail on failing tests
       ↓ should fail on compliance violations
 ✓ tests/unit/style-analyzer.test.ts (2 tests) 659ms
   ✓ style analyzer parser integration (2)
     ✓ reports malformed styles without claiming parsed output 416ms
 ✓ tests/integration/store.test.ts (7 tests) 1092ms
   ✓ migration store (7)
     ✓ creates the required job directory layout and durable receipt 571ms
 ✓ tests/unit/angular-adapter.test.ts (2 tests) 398ms
 ✓ tests/integration/archive-security.test.ts (8 tests) 1259ms
   ✓ extractArchiveSafely (8)
     ✓ extracts a benign archive and records real hashes/byte counts 578ms
     ✓ rejects path traversal entries and stays within the destination root 383ms
 ✓ tests/unit/catalog.test.ts (2 tests) 77ms
 ✓ tests/unit/react-adapter.test.ts (3 tests) 666ms
 ✓ tests/unit/import-graph.test.ts (2 tests) 962ms
   ✓ buildImportGraph (2)
     ✓ resolves aliases, terminates cycles, and includes tests as evidence roots 654ms
     ✓ reports unresolved imports, aliases escaping the root, and missing entries 303ms
{"level":30,"time":1789724936814,"pid":32368,"hostname":"NXM-PCP-HAMMAD","reqId":"req-1","req":{"method":"POST","url":"/api/migrations","host":"localhost:80","remoteAddress":"127.0.0.1"},"msg":"incoming request"}
 ✓ tests/integration/analyzer-coverage.test.ts (1 test) 247ms
{"level":30,"time":1789724936873,"pid":32368,"hostname":"NXM-PCP-HAMMAD","reqId":"req-1","req":{"method":"POST","url":"/api/migrations","host":"localhost:80","remoteAddress":"127.0.0.1"},"msg":"incoming request"}
{"level":30,"time":1789724936846,"pid":32368,"hostname":"NXM-PCP-HAMMAD","reqId":"req-1","res":{"statusCode":202},"responseTime":25.998399999999947,"msg":"request completed"}
{"level":30,"time":1789724936884,"pid":32368,"hostname":"NXM-PCP-HAMMAD","reqId":"req-1","res":{"statusCode":202},"responseTime":10.91879999999992,"msg":"request completed"}
{"level":30,"time":1789724936885,"pid":32368,"hostname":"NXM-PCP-HAMMAD","reqId":"req-2","req":{"method":"POST","url":"/api/migrations","host":"localhost:80","remoteAddress":"127.0.0.1"},"msg":"incoming request"}
{"level":30,"time":1789724936911,"pid":32368,"hostname":"NXM-PCP-HAMMAD","reqId":"req-1","req":{"method":"POST","url":"/api/migrations","host":"localhost:80","remoteAddress":"127.0.0.1"},"msg":"incoming request"}
{"level":30,"time":1789724936925,"pid":32368,"hostname":"NXM-PCP-HAMMAD","reqId":"req-1","req":{"method":"POST","url":"/api/migrations","host":"localhost:80","remoteAddress":"127.0.0.1"},"msg":"incoming request"}
{"level":30,"time":1789724936887,"pid":32368,"hostname":"NXM-PCP-HAMMAD","reqId":"req-2","res":{"statusCode":202},"responseTime":2.182199999999739,"msg":"request completed"}
{"level":30,"time":1789724936912,"pid":32368,"hostname":"NXM-PCP-HAMMAD","reqId":"req-1","res":{"statusCode":401},"responseTime":0.6946000000002641,"msg":"request completed"}
{"level":50,"time":1789724936935,"pid":32368,"hostname":"NXM-PCP-HAMMAD","reqId":"req-1","err":{"type":"Error","message":"Request body size exceeds limit of 1000 bytes","stack":"Error: Request body size exceeds limit of 1000 bytes\n    at Parser.fn (C:/Users/EL MAGICO/Desktop/Xelops AI Migrator/src/api/app.ts:72:45)\n    at processTicksAndRejections (node:internal/process/task_queues:104:5)","statusCode":413,"code":"PAYLOAD_TOO_LARGE"},"msg":"request failed"}
 ✓ tests/unit/mapper.test.ts (5 tests) 88ms
{"level":30,"time":1789724936959,"pid":32368,"hostname":"NXM-PCP-HAMMAD","reqId":"req-1","req":{"method":"POST","url":"/api/migrations","host":"localhost:80","remoteAddress":"127.0.0.1"},"msg":"incoming request"}
 ✓ tests/unit/angular-emitter.test.ts (3 tests) 56ms
{"level":30,"time":1789724936981,"pid":32368,"hostname":"NXM-PCP-HAMMAD","reqId":"req-1","req":{"method":"POST","url":"/api/migrations","host":"localhost:80","remoteAddress":"127.0.0.1"},"msg":"incoming request"}
{"level":30,"time":1789724936948,"pid":32368,"hostname":"NXM-PCP-HAMMAD","reqId":"req-1","res":{"statusCode":413},"responseTime":17.883400000000165,"msg":"request completed"}
{"level":50,"time":1789724936960,"pid":32368,"hostname":"NXM-PCP-HAMMAD","reqId":"req-1","err":{"type":"FastifyError","message":"Unsupported Media Type","stack":"FastifyError: Unsupported Media Type\n    at ContentTypeParser.run (C:\\Users\\EL MAGICO\\Desktop\\Xelops AI Migrator\\node_modules\\fastify\\lib\\content-type-parser.js:202:16)\n    at Object.handleRequest (C:\\Users\\EL MAGICO\\Desktop\\Xelops AI Migrator\\node_modules\\fastify\\lib\\handle-request.js:87:46)\n    at runPreParsing (C:\\Users\\EL MAGICO\\Desktop\\Xelops AI Migrator\\node_modules\\fastify\\lib\\route.js:661:19)\n    at next (C:\\Users\\EL MAGICO\\Desktop\\Xelops AI Migrator\\node_modules\\fastify\\lib\\hooks.js:236:9)\n    at handleResolve (C:\\Users\\EL MAGICO\\Desktop\\Xelops AI Migrator\\node_modules\\fastify\\lib\\hooks.js:253:7)\n    at processTicksAndRejections (node:internal/process/task_queues:104:5)","code":"FST_ERR_CTP_INVALID_MEDIA_TYPE","name":"FastifyError","statusCode":415},"msg":"request failed"}
{"level":30,"time":1789724936961,"pid":32368,"hostname":"NXM-PCP-HAMMAD","reqId":"req-1","res":{"statusCode":415},"responseTime":2.166200000000117,"msg":"request completed"}
{"level":30,"time":1789724936985,"pid":32368,"hostname":"NXM-PCP-HAMMAD","reqId":"req-1","res":{"statusCode":202},"responseTime":3.2546000000002095,"msg":"request completed"}
{"level":30,"time":1789724936986,"pid":32368,"hostname":"NXM-PCP-HAMMAD","reqId":"req-2","req":{"method":"POST","url":"/api/migrations","host":"localhost:80","remoteAddress":"127.0.0.1"},"msg":"incoming request"}
{"level":30,"time":1789724936988,"pid":32368,"hostname":"NXM-PCP-HAMMAD","reqId":"req-2","res":{"statusCode":202},"responseTime":1.5509000000001834,"msg":"request completed"}
{"level":30,"time":1789724936988,"pid":32368,"hostname":"NXM-PCP-HAMMAD","reqId":"req-3","req":{"method":"POST","url":"/api/migrations","host":"localhost:80","remoteAddress":"127.0.0.1"},"msg":"incoming request"}
{"level":30,"time":1789724936990,"pid":32368,"hostname":"NXM-PCP-HAMMAD","reqId":"req-3","res":{"statusCode":202},"responseTime":1.6190999999998894,"msg":"request completed"}
{"level":30,"time":1789724936991,"pid":32368,"hostname":"NXM-PCP-HAMMAD","reqId":"req-4","req":{"method":"POST","url":"/api/migrations","host":"localhost:80","remoteAddress":"127.0.0.1"},"msg":"incoming request"}
{"level":30,"time":1789724936993,"pid":32368,"hostname":"NXM-PCP-HAMMAD","reqId":"req-4","res":{"statusCode":202},"responseTime":1.7626000000000204,"msg":"request completed"}
{"level":30,"time":1789724936994,"pid":32368,"hostname":"NXM-PCP-HAMMAD","reqId":"req-5","req":{"method":"POST","url":"/api/migrations","host":"localhost:80","remoteAddress":"127.0.0.1"},"msg":"incoming request"}
{"level":30,"time":1789724937012,"pid":32368,"hostname":"NXM-PCP-HAMMAD","reqId":"req-1","req":{"method":"POST","url":"/api/migrations","host":"localhost:80","remoteAddress":"127.0.0.1"},"msg":"incoming request"}
{"level":30,"time":1789724936996,"pid":32368,"hostname":"NXM-PCP-HAMMAD","reqId":"req-5","res":{"statusCode":202},"responseTime":1.7067999999999302,"msg":"request completed"}
{"level":30,"time":1789724936996,"pid":32368,"hostname":"NXM-PCP-HAMMAD","reqId":"req-6","req":{"method":"POST","url":"/api/migrations","host":"localhost:80","remoteAddress":"127.0.0.1"},"msg":"incoming request"}
{"level":50,"time":1789724936997,"pid":32368,"hostname":"NXM-PCP-HAMMAD","reqId":"req-6","err":{"type":"Error","message":"Rate limit exceeded, retry in 1 minute","stack":"Error: Rate limit exceeded, retry in 1 minute\n    at Object.defaultErrorResponse (C:\\Users\\EL MAGICO\\Desktop\\Xelops AI Migrator\\node_modules\\@fastify\\rate-limit\\index.js:61:15)\n    at Object.<anonymous> (C:\\Users\\EL MAGICO\\Desktop\\Xelops AI Migrator\\node_modules\\@fastify\\rate-limit\\index.js:375:18)\n    at processTicksAndRejections (node:internal/process/task_queues:104:5)","statusCode":429},"msg":"request failed"}
{"level":30,"time":1789724936998,"pid":32368,"hostname":"NXM-PCP-HAMMAD","reqId":"req-6","res":{"statusCode":429},"responseTime":1.8401000000003478,"msg":"request completed"}
{"level":30,"time":1789724937016,"pid":32368,"hostname":"NXM-PCP-HAMMAD","reqId":"req-1","res":{"statusCode":202},"responseTime":2.643300000000181,"msg":"request completed"}
{"level":30,"time":1789724937043,"pid":32368,"hostname":"NXM-PCP-HAMMAD","reqId":"req-1","req":{"method":"GET","url":"/api/migrations/00000000-0000-4000-8000-000000000000","host":"localhost:80","remoteAddress":"127.0.0.1"},"msg":"incoming request"}
{"level":30,"time":1789724937063,"pid":32368,"hostname":"NXM-PCP-HAMMAD","reqId":"req-1","req":{"method":"POST","url":"/api/migrations","host":"localhost:80","remoteAddress":"127.0.0.1"},"msg":"incoming request"}
{"level":30,"time":1789724937017,"pid":32368,"hostname":"NXM-PCP-HAMMAD","reqId":"req-2","req":{"method":"GET","url":"/api/migrations/00000000-0000-4000-8000-000000000001","host":"localhost:80","remoteAddress":"127.0.0.1"},"msg":"incoming request"}
{"level":30,"time":1789724937021,"pid":32368,"hostname":"NXM-PCP-HAMMAD","reqId":"req-2","res":{"statusCode":200},"responseTime":3.747399999999743,"msg":"request completed"}
{"level":30,"time":1789724937044,"pid":32368,"hostname":"NXM-PCP-HAMMAD","reqId":"req-1","res":{"statusCode":404},"responseTime":1.1493999999997868,"msg":"request completed"}
{"level":30,"time":1789724937069,"pid":32368,"hostname":"NXM-PCP-HAMMAD","reqId":"req-1","res":{"statusCode":202},"responseTime":4.910700000000361,"msg":"request completed"}
{"level":30,"time":1789724937069,"pid":32368,"hostname":"NXM-PCP-HAMMAD","reqId":"req-2","req":{"method":"POST","url":"/api/migrations","host":"localhost:80","remoteAddress":"127.0.0.1"},"msg":"incoming request"}
{"level":30,"time":1789724937071,"pid":32368,"hostname":"NXM-PCP-HAMMAD","reqId":"req-2","res":{"statusCode":202},"responseTime":1.423699999999826,"msg":"request completed"}
{"level":30,"time":1789724937071,"pid":32368,"hostname":"NXM-PCP-HAMMAD","reqId":"req-3","req":{"method":"GET","url":"/api/migrations/00000000-0000-4000-8000-000000000001","host":"localhost:80","remoteAddress":"127.0.0.1"},"msg":"incoming request"}
{"level":30,"time":1789724937072,"pid":32368,"hostname":"NXM-PCP-HAMMAD","reqId":"req-3","res":{"statusCode":200},"responseTime":0.8220999999998639,"msg":"request completed"}
{"level":30,"time":1789724937073,"pid":32368,"hostname":"NXM-PCP-HAMMAD","reqId":"req-4","req":{"method":"GET","url":"/api/migrations/00000000-0000-4000-8000-000000000002","host":"localhost:80","remoteAddress":"127.0.0.1"},"msg":"incoming request"}
{"level":30,"time":1789724937074,"pid":32368,"hostname":"NXM-PCP-HAMMAD","reqId":"req-4","res":{"statusCode":200},"responseTime":1.1608000000001084,"msg":"request completed"}
 ✓ tests/contract/migration-api.test.ts (9 tests) 1456ms
   ✓ POST /api/migrations (contract, TDD red until T044) (6)
     ✓ durably accepts a project and returns 202 with a Location header 1234ms
 ✓ tests/unit/angular-template.test.ts (2 tests) 21ms
 ✓ tests/unit/contracts.test.ts (13 tests) 31ms
 ✓ tests/unit/dependency-planner.test.ts (5 tests) 17ms
 ❯ tests/integration/sandbox.test.ts (6 tests | 1 failed | 4 skipped) 2809ms
   ❯ sandbox-runner (6)
     ✓ never falls back to host execution when docker itself is unreachable/missing 193ms
     × REQUIRES a reachable Docker daemon for real isolation checks 5ms
     ↓ enforces --network=none for non-installation phases
     ↓ enforces a read-only root filesystem
     ↓ kills the whole process tree on timeout
     ↓ redacts configured secrets from captured diagnostics
 ✓ tests/integration/migration-core.test.ts (9 tests) 1324ms
   ✓ migration-core analyzer acceptance (2)
     ✓ analyzes the React fixture and matches the expected inventory 627ms

⎯⎯⎯⎯⎯⎯⎯ Failed Tests 9 ⎯⎯⎯⎯⎯⎯⎯

 FAIL  tests/generated-project/validation.test.ts > T042: Real profile validation and acceptance > Profile admission (T039) > should admit a valid profile
AssertionError: expected 'incompatible' to be 'admitted' // Object.is equality

Expected: "admitted"
Received: "incompatible"

 ❯ tests/generated-project/validation.test.ts:36:35
     34|             });
     35|
     36|             expect(result.status).toBe("admitted");
       |                                   ^
     37|             expect(result.profileExists).toBe(true);
     38|             expect(result.versionsCompatible).toBe(true);

⎯⎯⎯⎯⎯⎯⎯⎯⎯⎯⎯⎯⎯⎯⎯⎯⎯⎯⎯⎯⎯⎯⎯⎯[1/9]⎯

 FAIL  tests/generated-project/validation.test.ts > T042: Real profile validation and acceptance > Validator gates (T041) > should run all six gates
Error: Profile not loaded
 ❯ tests/generated-project/validation.test.ts:150:23
    148|         it("should run all six gates", async () => {
    149|             if (!profile) {
    150|                 throw new Error("Profile not loaded");
       |                       ^
    151|             }
    152|

⎯⎯⎯⎯⎯⎯⎯⎯⎯⎯⎯⎯⎯⎯⎯⎯⎯⎯⎯⎯⎯⎯⎯⎯[2/9]⎯

 FAIL  tests/generated-project/validation.test.ts > T042: Real profile validation and acceptance > Validator gates (T041) > should pass all gates for valid project
Error: Profile not loaded
 ❯ tests/generated-project/validation.test.ts:174:23
    172|         it("should pass all gates for valid project", async () => {
    173|             if (!profile) {
    174|                 throw new Error("Profile not loaded");
       |                       ^
    175|             }
    176|

⎯⎯⎯⎯⎯⎯⎯⎯⎯⎯⎯⎯⎯⎯⎯⎯⎯⎯⎯⎯⎯⎯⎯⎯[3/9]⎯

 FAIL  tests/generated-project/validation.test.ts > T042: Real profile validation and acceptance > Validator gates (T041) > should fail on npm installation error
Error: Profile not loaded
 ❯ tests/generated-project/validation.test.ts:192:23
    190|         it("should fail on npm installation error", async () => {
    191|             if (!profile) {
    192|                 throw new Error("Profile not loaded");
       |                       ^
    193|             }
    194|

⎯⎯⎯⎯⎯⎯⎯⎯⎯⎯⎯⎯⎯⎯⎯⎯⎯⎯⎯⎯⎯⎯⎯⎯[4/9]⎯

 FAIL  tests/generated-project/validation.test.ts > T042: Real profile validation and acceptance > Validator gates (T041) > should fail on TypeScript errors
Error: Profile not loaded
 ❯ tests/generated-project/validation.test.ts:209:23
    207|         it("should fail on TypeScript errors", async () => {
    208|             if (!profile) {
    209|                 throw new Error("Profile not loaded");
       |                       ^
    210|             }
    211|

⎯⎯⎯⎯⎯⎯⎯⎯⎯⎯⎯⎯⎯⎯⎯⎯⎯⎯⎯⎯⎯⎯⎯⎯[5/9]⎯

 FAIL  tests/generated-project/validation.test.ts > T042: Real profile validation and acceptance > Validator gates (T041) > should report test results correctly
Error: Profile not loaded
 ❯ tests/generated-project/validation.test.ts:226:23
    224|         it("should report test results correctly", async () => {
    225|             if (!profile) {
    226|                 throw new Error("Profile not loaded");
       |                       ^
    227|             }
    228|

⎯⎯⎯⎯⎯⎯⎯⎯⎯⎯⎯⎯⎯⎯⎯⎯⎯⎯⎯⎯⎯⎯⎯⎯[6/9]⎯

 FAIL  tests/generated-project/validation.test.ts > T042: Real profile validation and acceptance > Full integration flow > should only activate profile after all gates pass
Error: Profile not admitted
 ❯ tests/generated-project/validation.test.ts:257:23
    255|
    256|             if (admission.status !== "admitted") {
    257|                 throw new Error("Profile not admitted");
       |                       ^
    258|             }
    259|

⎯⎯⎯⎯⎯⎯⎯⎯⎯⎯⎯⎯⎯⎯⎯⎯⎯⎯⎯⎯⎯⎯⎯⎯[7/9]⎯

 FAIL  tests/generated-project/validation.test.ts > T042: Real profile validation and acceptance > Full integration flow > should prevent activation if any gate fails
Error: Profile not loaded
 ❯ tests/generated-project/validation.test.ts:297:23
    295|         it("should prevent activation if any gate fails", async () => {
    296|             if (!profile) {
    297|                 throw new Error("Profile not loaded");
       |                       ^
    298|             }
    299|

⎯⎯⎯⎯⎯⎯⎯⎯⎯⎯⎯⎯⎯⎯⎯⎯⎯⎯⎯⎯⎯⎯⎯⎯[8/9]⎯

 FAIL  tests/integration/sandbox.test.ts > sandbox-runner > REQUIRES a reachable Docker daemon for real isolation checks
Error: Docker daemon is not reachable in this environment (`docker info` failed). Real container isolation (read-only root, network=none, cap-drop=ALL, resource limits, timeout process-tree kill) cannot be verified until a daemon is running. This is a genuine unmet prerequisite, not a skipped test.
 ❯ tests/integration/sandbox.test.ts:46:19
     44|     it("REQUIRES a reachable Docker daemon for real isolation checks",…
     45|         if (!dockerAvailable) {
     46|             throw new Error(
       |                   ^
     47|                 "Docker daemon is not reachable in this environment (`…
     48|                 "Real container isolation (read-only root, network=non…

⎯⎯⎯⎯⎯⎯⎯⎯⎯⎯⎯⎯⎯⎯⎯⎯⎯⎯⎯⎯⎯⎯⎯⎯[9/9]⎯


 Test Files  2 failed | 15 passed (17)
      Tests  9 failed | 79 passed | 12 skipped (100)
   Start at  10:48:53
   Duration  4.00s (tests 45%, import 31%, transform 22%, worker 1%)

    Isolate  17 workers spawned · ~511ms startup each (spawn + environment, per file)
             at least ~279ms faster with isolate: false — reuses workers across files instead of one per file

